../Core/Src/main.c:78:6:SetupDMAUSART	8	static
../Core/Src/main.c:84:6:HAL_UARTEx_RxEventCallback	168	dynamic
../Core/Src/main.c:194:6:TransmitapFunction	24	static
../Core/Src/main.c:215:6:BLEHIGH	8	static
../Core/Src/main.c:219:6:TransmitWifitoMQTTfunction	40	static
../Core/Src/main.c:241:6:TransmitBleFunction	24	static
../Core/Src/main.c:265:5:main	8	static
../Core/Src/main.c:315:6:SystemClock_Config	88	static
../Core/Src/main.c:354:13:MX_USART1_UART_Init	8	static
../Core/Src/main.c:383:13:MX_DMA_Init	16	static
../Core/Src/main.c:403:13:MX_GPIO_Init	40	static
../Core/Src/main.c:435:6:Error_Handler	4	static,ignoring_inline_asm
